ARM Linker, 4.1 [Build 481] [Evaluation]

==============================================================================

Section Cross References

    lpc2400.o(STACK) refers (Special) to heapauxi.o(.text) for __use_two_region_memory
    lpc2400.o(HEAP) refers (Special) to heapauxi.o(.text) for __use_two_region_memory
    lpc2400.o(RESET) refers (Special) to heapauxi.o(.text) for __use_two_region_memory
    lpc2400.o(RESET) refers to portasm.o(PORT_ASM) for vPortYieldProcessor
    lpc2400.o(RESET) refers to lpc2400.o(STACK) for Stack_Top
    lpc2400.o(RESET) refers to __main.o(!!!main) for __main
    lpc2400.o(.text) refers (Special) to heapauxi.o(.text) for __use_two_region_memory
    lpc2400.o(.text) refers to lpc2400.o(HEAP) for Heap_Mem
    lpc2400.o(.text) refers to lpc2400.o(STACK) for Stack_Mem
    main.o(.text) refers to lcd_hw.o(.text) for lcd_hw_init
    main.o(.text) refers to queue.o(.text) for xQueueGenericCreate
    main.o(.text) refers to console.o(.text) for vStartConsole
    main.o(.text) refers to mytimer.o(.text) for vCreateTimer
    main.o(.text) refers to controller.o(.text) for vStartController
    main.o(.text) refers to sensors.o(.text) for vStartSensors
    main.o(.text) refers to lcd.o(.text) for vStartLcd
    main.o(.text) refers to tasks.o(.text) for vTaskStartScheduler
    main.o(.text) refers to lcdisr.o(.text) for vLCD_ISREntry
    main.o(.text) refers to main.o(.data) for xGlobalStateQueueQ
    console.o(.text) refers to strlen.o(.text) for strlen
    console.o(.text) refers to serial.o(.text) for vSerialPutString
    console.o(.text) refers to tasks.o(.text) for xTaskGenericCreate
    console.o(.text) refers to noretval__2printf.o(.text) for __2printf
    console.o(.text) refers to console.o(.data) for pcPrompt
    console.o(.data) refers to console.o(.conststring) for .conststring
    retarget.o(.text) refers (Special) to use_no_semi.o(.text) for __use_no_semihosting_swi
    retarget.o(.text) refers to console.o(.text) for xConsolePortHandle
    retarget.o(.text) refers to serial.o(.text) for xSerialPutChar
    retarget.o(.data) refers (Special) to use_no_semi.o(.text) for __use_no_semihosting_swi
    serial.o(.text) refers to queue.o(.text) for xQueueGenericCreate
    serial.o(.text) refers to port.o(.text) for vPortEnterCritical
    serial.o(.text) refers to aeabi_sdiv.o(.text_udiv) for __aeabi_uidivmod
    serial.o(.text) refers to tasks.o(.text) for vTaskSwitchContext
    serial.o(.text) refers to serial.o(.data) for xRxedChars
    serial.o(.text) refers to serialisr.o(.text) for vUART_ISREntry
    serialisr.o(.text) refers to port.o(.data) for ulCriticalNesting
    serialisr.o(.text) refers to tasks.o(.data) for pxCurrentTCB
    serialisr.o(.text) refers to serial.o(.text) for vUART_ISRHandler
    sensors.o(.text) refers to noretval__2printf.o(.text) for __2printf
    sensors.o(.text) refers to tasks.o(.text) for xTaskGetTickCount
    sensors.o(.text) refers to queue.o(.text) for xQueueGenericSend
    sensors.o(.text) refers to controller.o(.constdata) for OUTDOOR_BTN_PRESSED
    sensors.o(.text) refers to main.o(.data) for xGlobalStateQueueQ
    controller.o(.text) refers to _printf_percent.o(.ARM.Collect$$_printf_percent$$00000000) for _printf_percent
    controller.o(.text) refers to _printf_d.o(.ARM.Collect$$_printf_percent$$00000009) for _printf_d
    controller.o(.text) refers to _printf_dec.o(.text) for _printf_int_dec
    controller.o(.text) refers to noretval__2printf.o(.text) for __2printf
    controller.o(.text) refers to sensors.o(.text) for setLightOn
    controller.o(.text) refers to mytimer.o(.text) for startTimer
    controller.o(.text) refers to queue.o(.text) for xQueueGenericSend
    controller.o(.text) refers to tasks.o(.text) for vTaskDelay
    controller.o(.text) refers to main.o(.data) for xGlobalStateQueueQ
    controller.o(.text) refers to controller.o(.bss) for stateMachine
    controller.o(.text) refers to controller.o(.data) for globalState
    lcd.o(.text) refers to _printf_percent.o(.ARM.Collect$$_printf_percent$$00000000) for _printf_percent
    lcd.o(.text) refers to _printf_d.o(.ARM.Collect$$_printf_percent$$00000009) for _printf_d
    lcd.o(.text) refers to _printf_dec.o(.text) for _printf_int_dec
    lcd.o(.text) refers to _printf_truncate.o(.text) for _printf_truncate_signed
    lcd.o(.text) refers to strlen.o(.text) for strlen
    lcd.o(.text) refers to lcd_grph.o(.text) for lcd_putString
    lcd.o(.text) refers to aeabi_sdiv.o(.text) for __aeabi_idivmod
    lcd.o(.text) refers to rt_memcpy_w.o(.text) for __aeabi_memcpy4
    lcd.o(.text) refers to lcd_hw.o(.text) for lcd_init
    lcd.o(.text) refers to noretval__2printf.o(.text) for __2printf
    lcd.o(.text) refers to queue.o(.text) for xQueueGenericReceive
    lcd.o(.text) refers to lcd.o(.constdata) for .constdata
    lcd.o(.text) refers to lcd.o(.data) for xTouchScreenPressedQ
    lcd.o(.text) refers to controller.o(.constdata) for TICKS_TO_WAIT
[...]
    libinit.o(.ARM.Collect$$libinit$$00000000) refers (Special) to libinit2.o(.ARM.Collect$$libinit$$00000021) for __rt_lib_init_stdio_1
    libinit.o(.ARM.Collect$$libinit$$00000000) refers (Special) to libinit2.o(.ARM.Collect$$libinit$$00000008) for __rt_lib_init_user_alloc_1
    libinit.o(.ARM.Collect$$libinit$$00000000) refers to fpinit.o(x$fpl$fpinit) for _fp_init
    rtexit.o(.ARM.Collect$$rtexit$$00000000) refers (Special) to rtexit2.o(.ARM.Collect$$rtexit$$00000004) for __rt_exit_exit
    rtexit.o(.ARM.Collect$$rtexit$$00000000) refers (Special) to rtexit2.o(.ARM.Collect$$rtexit$$00000003) for __rt_exit_ls
    rtexit.o(.ARM.Collect$$rtexit$$00000000) refers (Special) to rtexit2.o(.ARM.Collect$$rtexit$$00000002) for __rt_exit_prels_1
    rtexit.o(.ARM.exidx) refers (Special) to rtexit2.o(.ARM.Collect$$rtexit$$00000004) for __rt_exit_exit
    rtexit.o(.ARM.exidx) refers (Special) to rtexit2.o(.ARM.Collect$$rtexit$$00000003) for __rt_exit_ls
    rtexit.o(.ARM.exidx) refers (Special) to rtexit2.o(.ARM.Collect$$rtexit$$00000002) for __rt_exit_prels_1
    rtexit.o(.ARM.exidx) refers to rtexit.o(.ARM.Collect$$rtexit$$00000000) for .ARM.Collect$$rtexit$$00000000
    __raise.o(.text) refers to __printf.o(i.__ARM_common_call_via_r2) for __ARM_common_call_via_r2
    __raise.o(.text) refers to defsig.o(CL$$defsig) for __default_signal_handler
    defsig_general.o(.text) refers to retarget.o(.text) for _ttywrch
    defsig_fpe_inner.o(.text) refers to defsig_general.o(.text) for __default_signal_display
    libshutdown2.o(.ARM.Collect$$libshutdown$$0000000C) refers (Weak) to term_alloc.o(.text) for _terminate_alloc
    fpinit.o(x$fpl$fpinit) refers to rt_fp_status_addr_intlibspace.o(.text) for __rt_fp_status_addr
    rtexit2.o(.ARM.Collect$$rtexit$$00000003) refers to libshutdown.o(.ARM.Collect$$libshutdown$$00000000) for __rt_lib_shutdown
    rtexit2.o(.ARM.Collect$$rtexit$$00000004) refers to retarget.o(.text) for _sys_exit
    rtexit2.o(.ARM.exidx) refers to rtexit2.o(.ARM.Collect$$rtexit$$00000001) for .ARM.Collect$$rtexit$$00000001
    rtexit2.o(.ARM.exidx) refers to rtexit2.o(.ARM.Collect$$rtexit$$00000002) for .ARM.Collect$$rtexit$$00000002
    rtexit2.o(.ARM.exidx) refers to rtexit2.o(.ARM.Collect$$rtexit$$00000003) for .ARM.Collect$$rtexit$$00000003
    rtexit2.o(.ARM.exidx) refers to rtexit2.o(.ARM.Collect$$rtexit$$00000004) for .ARM.Collect$$rtexit$$00000004
    rt_fp_status_addr.o(.text) refers to rt_fp_status_addr.o(.bss) for __rt_fp_status_addr_data
    rt_fp_status_addr_intlibspace.o(.text) refers to libspace.o(.bss) for __libspace_start
    defsig.o(CL$$defsig) refers to defsig_fpe_inner.o(.text) for __rt_SIGFPE_inner
    defsig.o(CL$$defsig) refers to defsig_rtmem_inner.o(.text) for __rt_SIGRTMEM_inner
    defsig_abrt_inner.o(.text) refers to defsig_general.o(.text) for __default_signal_display
    defsig_rtred_inner.o(.text) refers to defsig_general.o(.text) for __default_signal_display
    defsig_stak_inner.o(.text) refers to defsig_general.o(.text) for __default_signal_display
    defsig_pvfn_inner.o(.text) refers to defsig_general.o(.text) for __default_signal_display
    defsig_cppl_inner.o(.text) refers to defsig_general.o(.text) for __default_signal_display
    defsig_segv_inner.o(.text) refers to defsig_general.o(.text) for __default_signal_display
    defsig_other.o(.text) refers to defsig_general.o(.text) for __default_signal_display
    libshutdown.o(.ARM.Collect$$libshutdown$$00000000) refers (Special) to libshutdown2.o(.ARM.Collect$$libshutdown$$00000006) for __rt_lib_shutdown_fp_trap_1
    libshutdown.o(.ARM.Collect$$libshutdown$$00000000) refers (Special) to libshutdown2.o(.ARM.Collect$$libshutdown$$0000000E) for __rt_lib_shutdown_heap_1
    libshutdown.o(.ARM.Collect$$libshutdown$$00000000) refers (Special) to libshutdown2.o(.ARM.Collect$$libshutdown$$0000000F) for __rt_lib_shutdown_return
    libshutdown.o(.ARM.Collect$$libshutdown$$00000000) refers (Special) to libshutdown2.o(.ARM.Collect$$libshutdown$$00000009) for __rt_lib_shutdown_signal_1
    libshutdown.o(.ARM.Collect$$libshutdown$$00000000) refers (Special) to libshutdown2.o(.ARM.Collect$$libshutdown$$00000003) for __rt_lib_shutdown_stdio_1
    libshutdown.o(.ARM.Collect$$libshutdown$$00000000) refers (Special) to libshutdown2.o(.ARM.Collect$$libshutdown$$0000000B) for __rt_lib_shutdown_user_alloc_1


==============================================================================

Adding Veneers to the image

    Adding TA veneer (4 bytes, Inline) for call to '_printf_percent' from __printf_ss.o(.text).
    Adding AT veneer (8 bytes, Inline) for call to '__rt_lib_init' from rtentry2.o(.ARM.Collect$$rtentry$$0000000A).
    Adding AT veneer (8 bytes, Inline) for call to '__rt_lib_shutdown' from rtexit2.o(.ARM.Collect$$rtexit$$00000003).
    Adding TA veneer (4 bytes, Inline) for call to '__rt_exit' from exit.o(.text).
    Adding AT veneer (8 bytes, Inline) for call to 'malloc' from heap_3.o(.text).
    Adding AT veneer (8 bytes, Inline) for call to 'free' from heap_3.o(.text).
    Adding AT veneer (8 bytes, Inline) for call to '__2printf' from console.o(.text).
    Adding AT veneer (8 bytes, Inline) for call to '_printf_int_dec' from _printf_d.o(.ARM.Collect$$_printf_percent$$00000009).
    Adding AT veneer (8 bytes, Inline) for call to 'strlen' from console.o(.text).
    Adding TA veneer (4 bytes, Inline) for call to '__rt_heap_descriptor' from h1_alloc.o(.text).
    Adding TA veneer (4 bytes, Inline) for call to '__rt_udiv10' from _printf_dec.o(.text).
    Adding TA veneer (8 bytes, Short) for call to 'ferror' from _printf_char_file.o(.text).
    Adding TA veneer (8 bytes, Short) for call to '_sys_exit' from defsig_exit.o(.text).
    Adding TA veneer (8 bytes, Short) for call to '_ttywrch' from defsig_general.o(.text).
    Adding TA veneer (4 bytes, Inline) for call to '_fp_init' from libinit.o(.ARM.Collect$$libinit$$00000000).

15 Veneer(s) (total 100 bytes) added to the image.

==============================================================================

Image Symbol Table

    Local Symbols

    Symbol Name                              Value     Ov Type        Size  Object(Section)

    RESET                                    0x00000000   Section      832  lpc2400.o(RESET)
    ../../angel/boardlib.s                   0x00000000   Number         0  boardshut.o ABSOLUTE
    ../../angel/boardlib.s                   0x00000000   Number         0  boardinit2.o ABSOLUTE
    ../../angel/boardlib.s                   0x00000000   Number         0  boardinit1.o ABSOLUTE
    ../../angel/boardlib.s                   0x00000000   Number         0  boardinit3.o ABSOLUTE
    ../../angel/handlers.s                   0x00000000   Number         0  __scatter_copy.o ABSOLUTE
    ../../angel/handlers.s                   0x00000000   Number         0  __scatter_zi.o ABSOLUTE
    ../../angel/kernel.s                     0x00000000   Number         0  rtentry2.o ABSOLUTE
    ../../angel/kernel.s                     0x00000000   Number         0  rtentry4.o ABSOLUTE
    ../../angel/kernel.s                     0x00000000   Number         0  rtexit.o ABSOLUTE
    ../../angel/kernel.s                     0x00000000   Number         0  rtentry.o ABSOLUTE
    ../../angel/kernel.s                     0x00000000   Number         0  rtexit2.o ABSOLUTE
    ../../angel/rt.s                         0x00000000   Number         0  rt_fp_status_addr.o ABSOLUTE
    ../../angel/rt.s                         0x00000000   Number         0  rt_fp_status_addr_intlibspace.o ABSOLUTE
    ../../angel/rt.s                         0x00000000   Number         0  rt_div0.o ABSOLUTE
    ../../angel/rt.s                         0x00000000   Number         0  rt_heap_descriptor_intlibspace.o ABSOLUTE
    ../../angel/rt.s                         0x00000000   Number         0  rt_raise.o ABSOLUTE
    ../../angel/rt.s                         0x00000000   Number         0  rt_heap_descriptor.o ABSOLUTE
    ../../angel/rt.s                         0x00000000   Number         0  aeabi_idiv0_sigfpe.o ABSOLUTE
    ../../angel/rt.s                         0x00000000   Number         0  aeabi_idiv0.o ABSOLUTE
    ../../angel/scatter.s                    0x00000000   Number         0  __scatter.o ABSOLUTE
    ../../angel/startup.s                    0x00000000   Number         0  __main.o ABSOLUTE
    ../../angel/sys.s                        0x00000000   Number         0  sys_stackheap_outer.o ABSOLUTE
    ../../angel/sys.s                        0x00000000   Number         0  libspace.o ABSOLUTE
    ../../angel/sys.s                        0x00000000   Number         0  use_no_semi.o ABSOLUTE
    ../../angel/sys.s                        0x00000000   Number         0  mutex_dummy.o ABSOLUTE
    ../../angel/sysapp.c                     0x00000000   Number         0  sys_command.o ABSOLUTE
    ../../armsys.c                           0x00000000   Number         0  _get_argv.o ABSOLUTE
    ../../armsys.c                           0x00000000   Number         0  argv_veneer.o ABSOLUTE
    ../../armsys.c                           0x00000000   Number         0  no_argv.o ABSOLUTE
    ../../armsys.c                           0x00000000   Number         0  _get_argv_nomalloc.o ABSOLUTE
    ../../armsys.c                           0x00000000   Number         0  argv_veneer.o ABSOLUTE
    ../../division.s                         0x00000000   Number         0  rtudiv10.o ABSOLUTE
    ../../division.s                         0x00000000   Number         0  aeabi_sdiv_div0.o ABSOLUTE
    ../../division.s                         0x00000000   Number         0  aeabi_sdiv.o ABSOLUTE
    ../../divrt.s                            0x00000000   Number         0  divrt_7tdmi_div0.o ABSOLUTE
    ../../divrt.s                            0x00000000   Number         0  divrt_7tdmi.o ABSOLUTE
    ../../fpinit.s                           0x00000000   Number         0  fpinit.o ABSOLUTE
    ../../heap1.c                            0x00000000   Number         0  h1_alloc.o ABSOLUTE
    ../../heap1.c                            0x00000000   Number         0  h1_free.o ABSOLUTE
    ../../heap1.c                            0x00000000   Number         0  h1_init_mt.o ABSOLUTE
    ../../heap1.c                            0x00000000   Number         0  h1_extend.o ABSOLUTE
    ../../heap1.c                            0x00000000   Number         0  h1_final_mt.o ABSOLUTE
    ../../heap1.c                            0x00000000   Number         0  h1_extend_mt.o ABSOLUTE
    ../../heap1.c                            0x00000000   Number         0  h1_alloc_mt.o ABSOLUTE
    ../../heap1.c                            0x00000000   Number         0  h1_free_mt.o ABSOLUTE
    ../../heap1.c                            0x00000000   Number         0  h1_final.o ABSOLUTE
    ../../heap1.c                            0x00000000   Number         0  h1_init.o ABSOLUTE
    ../../heap2.c                            0x00000000   Number         0  heap2.o ABSOLUTE
    ../../heap2.c                            0x00000000   Number         0  heap2mt.o ABSOLUTE
    ../../heap2.c                            0x00000000   Number         0  fdtree.o ABSOLUTE
    ../../heapalloc.c                        0x00000000   Number         0  maybetermalloc2.o ABSOLUTE
    ../../heapalloc.c                        0x00000000   Number         0  maybetermalloc2.o ABSOLUTE
    ../../heapalloc.c                        0x00000000   Number         0  maybetermalloc1.o ABSOLUTE
    ../../heapalloc.c                        0x00000000   Number         0  term_alloc.o ABSOLUTE
    ../../heapalloc.c                        0x00000000   Number         0  maybetermalloc1.o ABSOLUTE
    ../../heapalloc.c                        0x00000000   Number         0  heapstubs.o ABSOLUTE
    ../../heapalloc.c                        0x00000000   Number         0  hguard.o ABSOLUTE
    ../../heapalloc.c                        0x00000000   Number         0  malloc.o ABSOLUTE
    ../../heapalloc.c                        0x00000000   Number         0  free.o ABSOLUTE
    ../../heapalloc.c                        0x00000000   Number         0  init_alloc.o ABSOLUTE
    ../../heapalloc.c                        0x00000000   Number         0  hrguard.o ABSOLUTE
    ../../heapaux.c                          0x00000000   Number         0  heapauxa.o ABSOLUTE
    ../../heapaux.c                          0x00000000   Number         0  heapauxi.o ABSOLUTE
    ../../libinit.s                          0x00000000   Number         0  libinit2.o ABSOLUTE
    ../../libinit.s                          0x00000000   Number         0  libshutdown.o ABSOLUTE
    ../../libinit.s                          0x00000000   Number         0  libshutdown2.o ABSOLUTE
    ../../libinit.s                          0x00000000   Number         0  libinit.o ABSOLUTE
    ../../memcpset.s                         0x00000000   Number         0  rt_memclr.o ABSOLUTE
    ../../memcpset.s                         0x00000000   Number         0  rt_memcpy.o ABSOLUTE
    ../../memcpset.s                         0x00000000   Number         0  rt_memcpy_w.o ABSOLUTE
    ../../memcpset.s                         0x00000000   Number         0  rt_memclr_w.o ABSOLUTE
    ../../memcpset.s                         0x00000000   Number         0  aeabi_memset.o ABSOLUTE
    ../../memcpset.s                         0x00000000   Number         0  strncpy.o ABSOLUTE
    ../../misc.s                             0x00000000   Number         0  printf_stubs.o ABSOLUTE
    ../../printf.c                           0x00000000   Number         0  _printf_char_file.o ABSOLUTE
    ../../printf.c                           0x00000000   Number         0  _printf_intcommon.o ABSOLUTE
    ../../printf.c                           0x00000000   Number         0  noretval__2printf.o ABSOLUTE
    ../../printf.c                           0x00000000   Number         0  _printf_truncate.o ABSOLUTE
    ../../printf.c                           0x00000000   Number         0  __printf_flags_ss_wp.o ABSOLUTE
    ../../printf.c                           0x00000000   Number         0  _printf_dec.o ABSOLUTE
    ../../printf.c                           0x00000000   Number         0  __printf_ss_wp.o ABSOLUTE
    ../../printf.c                           0x00000000   Number         0  __printf_flags.o ABSOLUTE
    ../../printf.c                           0x00000000   Number         0  __printf_wp.o ABSOLUTE
    ../../printf.c                           0x00000000   Number         0  __printf_ss.o ABSOLUTE
    ../../printf.c                           0x00000000   Number         0  __printf_flags_wp.o ABSOLUTE
    ../../printf.c                           0x00000000   Number         0  __printf_flags_ss.o ABSOLUTE
    ../../printf.c                           0x00000000   Number         0  __printf.o ABSOLUTE
    ../../printf.c                           0x00000000   Number         0  __printf_nopercent.o ABSOLUTE
    ../../printf.c                           0x00000000   Number         0  _printf_char_common.o ABSOLUTE
    ../../printf.c                           0x00000000   Number         0  __2printf.o ABSOLUTE
    ../../printf_percent.s                   0x00000000   Number         0  _printf_percent.o ABSOLUTE
    ../../printf_percent.s                   0x00000000   Number         0  _printf_percent_end.o ABSOLUTE
    ../../printf_percent.s                   0x00000000   Number         0  _printf_d.o ABSOLUTE
    ../../signal.c                           0x00000000   Number         0  defsig_cppl_inner.o ABSOLUTE
    ../../signal.c                           0x00000000   Number         0  defsig_segv_inner.o ABSOLUTE
    ../../signal.c                           0x00000000   Number         0  defsig_other.o ABSOLUTE
    ../../signal.c                           0x00000000   Number         0  defsig_stak_inner.o ABSOLUTE
    ../../signal.c                           0x00000000   Number         0  defsig_rtmem_inner.o ABSOLUTE
    ../../signal.c                           0x00000000   Number         0  defsig_rtmem_formal.o ABSOLUTE
    ../../signal.c                           0x00000000   Number         0  defsig_rtmem_outer.o ABSOLUTE
    ../../signal.c                           0x00000000   Number         0  defsig_general.o ABSOLUTE
    ../../signal.c                           0x00000000   Number         0  defsig_fpe_formal.o ABSOLUTE
    ../../signal.c                           0x00000000   Number         0  defsig_fpe_outer.o ABSOLUTE
    ../../signal.c                           0x00000000   Number         0  defsig_exit.o ABSOLUTE
    ../../signal.c                           0x00000000   Number         0  defsig_fpe_inner.o ABSOLUTE
    ../../signal.c                           0x00000000   Number         0  defsig_pvfn_inner.o ABSOLUTE
    ../../signal.c                           0x00000000   Number         0  __raise.o ABSOLUTE
    ../../signal.c                           0x00000000   Number         0  defsig_abrt_inner.o ABSOLUTE
    ../../signal.c                           0x00000000   Number         0  defsig_rtred_inner.o ABSOLUTE
    ../../signal.s                           0x00000000   Number         0  defsig.o ABSOLUTE
    ../../stdlib.c                           0x00000000   Number         0  exit.o ABSOLUTE
    ../../string.c                           0x00000000   Number         0  strlen.o ABSOLUTE
    ..\FreeRTOS\Source\list.c                0x00000000   Number         0  list.o ABSOLUTE
    ..\FreeRTOS\Source\portable\MemMang\heap_3.c 0x00000000   Number         0  heap_3.o ABSOLUTE
    ..\FreeRTOS\Source\portable\TCD\ARM7_LPC2468\port.c 0x00000000   Number         0  port.o ABSOLUTE
    ..\FreeRTOS\Source\portable\TCD\ARM7_LPC2468\portASM.s 0x00000000   Number         0  portasm.o ABSOLUTE
    ..\FreeRTOS\Source\queue.c               0x00000000   Number         0  queue.o ABSOLUTE
    ..\FreeRTOS\Source\tasks.c               0x00000000   Number         0  tasks.o ABSOLUTE
    ..\FreeRTOS\Source\timers.c              0x00000000   Number         0  timers.o ABSOLUTE
    LCD\font5x7.c                            0x00000000   Number         0  font5x7.o ABSOLUTE
    LCD\lcd_grph.c                           0x00000000   Number         0  lcd_grph.o ABSOLUTE
    LCD\lcd_hw.c                             0x00000000   Number         0  lcd_hw.o ABSOLUTE
    LPC2400.s                                0x00000000   Number         0  lpc2400.o ABSOLUTE
    Retarget.c                               0x00000000   Number         0  retarget.o ABSOLUTE
    console.c                                0x00000000   Number         0  console.o ABSOLUTE
    controller.c                             0x00000000   Number         0  controller.o ABSOLUTE
    dc.s                                     0x00000000   Number         0  dc.o ABSOLUTE
    lcd.c                                    0x00000000   Number         0  lcd.o ABSOLUTE
    lcdISR.s                                 0x00000000   Number         0  lcdisr.o ABSOLUTE
    main.c                                   0x00000000   Number         0  main.o ABSOLUTE
    mytimer.c                                0x00000000   Number         0  mytimer.o ABSOLUTE
    sensors.c                                0x00000000   Number         0  sensors.o ABSOLUTE
    serial.c                                 0x00000000   Number         0  serial.o ABSOLUTE
    serialISR.s                              0x00000000   Number         0  serialisr.o ABSOLUTE
    Undef_Handler                            0x00000040   ARM Code       4  lpc2400.o(RESET)
    PAbt_Handler                             0x00000048   ARM Code       4  lpc2400.o(RESET)
    DAbt_Handler                             0x0000004c   ARM Code       4  lpc2400.o(RESET)
    IRQ_Handler                              0x00000050   ARM Code       4  lpc2400.o(RESET)
    !!!main                                  0x00000340   Section        8  __main.o(!!!main)
    !!!scatter                               0x00000348   Section       60  __scatter.o(!!!scatter)
    !!handler_copy                           0x00000384   Section       40  __scatter_copy.o(!!handler_copy)
    !!handler_zi                             0x000003ac   Section       44  __scatter_zi.o(!!handler_zi)
    .ARM.Collect$$_printf_percent$$00000000  0x000003dc   Section        0  _printf_percent.o(.ARM.Collect$$_printf_percent$$00000000)
    .ARM.Collect$$_printf_percent$$00000009  0x000003dc   Section        8  _printf_d.o(.ARM.Collect$$_printf_percent$$00000009)
    .ARM.Collect$$_printf_percent$$00000017  0x000003e4   Section        8  _printf_percent_end.o(.ARM.Collect$$_printf_percent$$00000017)
    .ARM.Collect$$libinit$$00000000          0x000003f4   Section        6  libinit.o(.ARM.Collect$$libinit$$00000000)
    .ARM.Collect$$libinit$$00000001          0x000003fa   Section        8  libinit2.o(.ARM.Collect$$libinit$$00000001)
    .ARM.Collect$$libinit$$00000006          0x00000402   Section        0  libinit2.o(.ARM.Collect$$libinit$$00000006)
    .ARM.Collect$$libinit$$00000008          0x00000402   Section        0  libinit2.o(.ARM.Collect$$libinit$$00000008)
    .ARM.Collect$$libinit$$0000000A          0x00000402   Section        0  libinit2.o(.ARM.Collect$$libinit$$0000000A)
    .ARM.Collect$$libinit$$0000000D          0x00000402   Section        0  libinit2.o(.ARM.Collect$$libinit$$0000000D)
    .ARM.Collect$$libinit$$0000000F          0x00000402   Section        0  libinit2.o(.ARM.Collect$$libinit$$0000000F)
    .ARM.Collect$$libinit$$00000011          0x00000402   Section        0  libinit2.o(.ARM.Collect$$libinit$$00000011)
    .ARM.Collect$$libinit$$00000013          0x00000402   Section        0  libinit2.o(.ARM.Collect$$libinit$$00000013)
    .ARM.Collect$$libinit$$00000015          0x00000402   Section        0  libinit2.o(.ARM.Collect$$libinit$$00000015)
    .ARM.Collect$$libinit$$00000017          0x00000402   Section        0  libinit2.o(.ARM.Collect$$libinit$$00000017)
    .ARM.Collect$$libinit$$00000019          0x00000402   Section        0  libinit2.o(.ARM.Collect$$libinit$$00000019)
    .ARM.Collect$$libinit$$0000001B          0x00000402   Section        0  libinit2.o(.ARM.Collect$$libinit$$0000001B)
    .ARM.Collect$$libinit$$0000001D          0x00000402   Section        0  libinit2.o(.ARM.Collect$$libinit$$0000001D)
    .ARM.Collect$$libinit$$0000001F          0x00000402   Section        0  libinit2.o(.ARM.Collect$$libinit$$0000001F)
    .ARM.Collect$$libinit$$00000021          0x00000402   Section        0  libinit2.o(.ARM.Collect$$libinit$$00000021)
    .ARM.Collect$$libinit$$00000028          0x00000402   Section        0  libinit2.o(.ARM.Collect$$libinit$$00000028)
    .ARM.Collect$$libinit$$0000002A          0x00000402   Section        0  libinit2.o(.ARM.Collect$$libinit$$0000002A)
    .ARM.Collect$$libinit$$0000002C          0x00000402   Section        0  libinit2.o(.ARM.Collect$$libinit$$0000002C)
    .ARM.Collect$$libinit$$0000002E          0x00000402   Section        0  libinit2.o(.ARM.Collect$$libinit$$0000002E)
    .ARM.Collect$$libinit$$0000002F          0x00000402   Section       12  libinit2.o(.ARM.Collect$$libinit$$0000002F)
    .ARM.Collect$$libshutdown$$00000000      0x00000418   Section        4  libshutdown.o(.ARM.Collect$$libshutdown$$00000000)
    .ARM.Collect$$libshutdown$$00000003      0x0000041c   Section        0  libshutdown2.o(.ARM.Collect$$libshutdown$$00000003)
    .ARM.Collect$$libshutdown$$00000006      0x0000041c   Section        0  libshutdown2.o(.ARM.Collect$$libshutdown$$00000006)
    .ARM.Collect$$libshutdown$$00000009      0x0000041c   Section        0  libshutdown2.o(.ARM.Collect$$libshutdown$$00000009)
    .ARM.Collect$$libshutdown$$0000000B      0x0000041c   Section        0  libshutdown2.o(.ARM.Collect$$libshutdown$$0000000B)
    .ARM.Collect$$libshutdown$$0000000E      0x0000041c   Section        0  libshutdown2.o(.ARM.Collect$$libshutdown$$0000000E)
    .ARM.Collect$$libshutdown$$0000000F      0x0000041c   Section        6  libshutdown2.o(.ARM.Collect$$libshutdown$$0000000F)
    .ARM.Collect$$rtentry$$00000000          0x00000424   Section        0  rtentry.o(.ARM.Collect$$rtentry$$00000000)
    .ARM.Collect$$rtentry$$00000002          0x00000424   Section        0  rtentry2.o(.ARM.Collect$$rtentry$$00000002)
    .ARM.Collect$$rtentry$$00000004          0x00000424   Section        8  rtentry4.o(.ARM.Collect$$rtentry$$00000004)
    .ARM.Collect$$rtentry$$00000009          0x0000042c   Section        0  rtentry2.o(.ARM.Collect$$rtentry$$00000009)
    .ARM.Collect$$rtentry$$0000000A          0x0000042c   Section        4  rtentry2.o(.ARM.Collect$$rtentry$$0000000A)
    .ARM.Collect$$rtentry$$0000000C          0x00000430   Section        0  rtentry2.o(.ARM.Collect$$rtentry$$0000000C)
    .ARM.Collect$$rtentry$$0000000D          0x00000430   Section       40  rtentry2.o(.ARM.Collect$$rtentry$$0000000D)
    .ARM.Collect$$rtexit$$00000000           0x0000045c   Section        4  rtexit.o(.ARM.Collect$$rtexit$$00000000)
    .ARM.Collect$$rtexit$$00000002           0x00000460   Section        0  rtexit2.o(.ARM.Collect$$rtexit$$00000002)
    .ARM.Collect$$rtexit$$00000003           0x00000460   Section        4  rtexit2.o(.ARM.Collect$$rtexit$$00000003)
    .ARM.Collect$$rtexit$$00000004           0x00000464   Section        8  rtexit2.o(.ARM.Collect$$rtexit$$00000004)
    .emb_text                                0x0000046c   Section        0  maybetermalloc1.o(.emb_text)
    .text                                    0x0000046c   Section       36  lpc2400.o(.text)
    .text                                    0x00000490   Section        0  main.o(.text)
    prvSetupHardware                         0x00000490   ARM Code     148  main.o(.text)
    .text                                    0x00000584   Section        0  console.o(.text)
    vConsoleTask                             0x00000584   ARM Code     152  console.o(.text)
    .text                                    0x000006ac   Section        0  retarget.o(.text)
    .text                                    0x0000075c   Section        0  serial.o(.text)
    .text                                    0x00000ae0   Section      148  serialisr.o(.text)
    .text                                    0x00000b74   Section        0  sensors.o(.text)
    vSensorsTask                             0x00000c98   ARM Code     376  sensors.o(.text)
    .text                                    0x00001064   Section        0  controller.o(.text)
    outdoorBtnPressed                        0x00001064   ARM Code      68  controller.o(.text)
    outdoorFiveSecondsPassed                 0x000010a8   ARM Code      56  controller.o(.text)
    outdoorPasswordApproved                  0x000010e0   ARM Code      68  controller.o(.text)
    outdoorOpen                              0x00001124   ARM Code      60  controller.o(.text)
    outdoorClose                             0x00001160   ARM Code      40  controller.o(.text)
    indoorBtnPressed                         0x00001188   ARM Code     324  controller.o(.text)
    indoorFiveSecondsPassed                  0x000012cc   ARM Code      56  controller.o(.text)
    indoorOpen                               0x00001304   ARM Code      60  controller.o(.text)
    indoorClose                              0x00001340   ARM Code      40  controller.o(.text)
    waitingState                             0x00001368   ARM Code      52  controller.o(.text)
    emptyState                               0x0000139c   ARM Code      40  controller.o(.text)
    vControllerTask                          0x00001498   ARM Code     380  controller.o(.text)
    .text                                    0x00001688   Section        0  lcd.o(.text)
    vLcdTask                                 0x000017fc   ARM Code    1264  lcd.o(.text)
    .text                                    0x00001e80   Section      148  lcdisr.o(.text)
    .text                                    0x00001f14   Section        0  mytimer.o(.text)
    vTimerCallBack                           0x00001f14   ARM Code      44  mytimer.o(.text)
    .text                                    0x0000202c   Section        0  list.o(.text)
    .text                                    0x00002140   Section        0  queue.o(.text)
    prvUnlockQueue                           0x00002278   ARM Code     232  queue.o(.text)
    prvIsQueueFull                           0x00002360   ARM Code      60  queue.o(.text)
    prvCopyDataToQueue                       0x0000239c   ARM Code     180  queue.o(.text)
    prvIsQueueEmpty                          0x00002658   ARM Code      56  queue.o(.text)
    prvCopyDataFromQueue                     0x00002690   ARM Code      88  queue.o(.text)
    .text                                    0x00002a38   Section        0  tasks.o(.text)
    prvInitialiseTaskLists                   0x00002a38   ARM Code     112  tasks.o(.text)
    prvInitialiseTCBVariables                0x00002aa8   ARM Code     104  tasks.o(.text)
    prvAllocateTCBAndStack                   0x00002b10   ARM Code     116  tasks.o(.text)
    prvAddCurrentTaskToDelayedList           0x00003104   ARM Code     120  tasks.o(.text)
    prvDeleteTCB                             0x00003710   ARM Code      32  tasks.o(.text)
    prvCheckTasksWaitingTermination          0x00003730   ARM Code     156  tasks.o(.text)
    prvIdleTask                              0x000037cc   ARM Code      32  tasks.o(.text)
    .text                                    0x00003b98   Section        0  port.o(.text)
    prvSetupTimerInterrupt                   0x00003c84   ARM Code     116  port.o(.text)
    .text                                    0x00003da0   Section        0  heap_3.o(.text)
    .text                                    0x00003df0   Section        0  timers.o(.text)
    prvInsertTimerInActiveList               0x00003df0   ARM Code     136  timers.o(.text)
    prvSwitchTimerLists                      0x00003f2c   ARM Code     236  timers.o(.text)
    prvSampleTimeNow                         0x00004018   ARM Code      84  timers.o(.text)
    prvProcessReceivedCommands               0x0000406c   ARM Code     348  timers.o(.text)
    prvProcessExpiredTimer                   0x000041c8   ARM Code     136  timers.o(.text)
    prvProcessTimerOrBlockTask               0x00004250   ARM Code     124  timers.o(.text)
    prvGetNextExpireTime                     0x000042cc   ARM Code      80  timers.o(.text)
    prvTimerTask                             0x0000431c   ARM Code      40  timers.o(.text)
    prvCheckForValidListAndQueue             0x00004344   ARM Code     100  timers.o(.text)
    .text                                    0x000044d4   Section        0  lcd_grph.o(.text)
    hLine                                    0x00004580   ARM Code     100  lcd_grph.o(.text)
    vLine                                    0x000045e4   ARM Code      84  lcd_grph.o(.text)
    .text                                    0x0000518c   Section        0  lcd_hw.o(.text)
    sendSpi                                  0x000051a4   ARM Code     100  lcd_hw.o(.text)
    .text                                    0x00005ba8   Section        4  use_no_semi.o(.text)
    .text                                    0x00005bb4   Section        0  h1_alloc.o(.text)
    .text                                    0x00005c30   Section        0  h1_free.o(.text)
    .text                                    0x00005c8c   Section        0  noretval__2printf.o(.text)
    .text                                    0x00005ca8   Section        0  _printf_truncate.o(.text)
    .text                                    0x00005cdc   Section        0  _printf_dec.o(.text)
    .text                                    0x00005d4c   Section        0  __printf_ss.o(.text)
    .text                                    0x00005e2c   Section        0  strlen.o(.text)
    .text                                    0x00005e70   Section      212  rt_memcpy.o(.text)
    .text                                    0x00005f44   Section      100  rt_memcpy_w.o(.text)
    .text                                    0x00005fa8   Section       16  aeabi_memset.o(.text)
    .text                                    0x00005fb8   Section      112  strncpy.o(.text)
    .text                                    0x00006028   Section      384  aeabi_sdiv.o(.text)
    __arm_div8                               0x00006054   ARM Code       0  aeabi_sdiv.o(.text)
    __arm_div5                               0x00006078   ARM Code       0  aeabi_sdiv.o(.text)
    __arm_div2                               0x0000609c   ARM Code       0  aeabi_sdiv.o(.text)
    __arm_div_large                          0x000060d8   ARM Code       0  aeabi_sdiv.o(.text)
    .text                                    0x000061a8   Section        0  heapauxi.o(.text)
    .text                                    0x000061b4   Section       16  rt_heap_descriptor_intlibspace.o(.text)
    .text                                    0x000061c4   Section        0  hguard.o(.text)
    .text                                    0x000061c8   Section        0  init_alloc.o(.text)
    .text                                    0x0000625c   Section        0  h1_init.o(.text)
    .text                                    0x0000626a   Section        0  _printf_intcommon.o(.text)
    .text                                    0x00006320   Section        0  _printf_char_file.o(.text)
    .text                                    0x0000634c   Section       64  rt_memclr.o(.text)
    .text                                    0x00006390   Section       44  rtudiv10.o(.text)
    .text                                    0x000063bc   Section       12  libspace.o(.text)
    .text                                    0x000063c8   Section        0  h1_extend.o(.text)
    .text                                    0x00006400   Section        0  _printf_char_common.o(.text)
    _printf_input_char                       0x00006401   Thumb Code    10  _printf_char_common.o(.text)
    .text                                    0x00006430   Section        0  defsig_rtmem_outer.o(.text)
    .text                                    0x00006440   Section       84  rt_memclr_w.o(.text)
    .text                                    0x00006494   Section       96  sys_stackheap_outer.o(.text)
    .text                                    0x000064f4   Section        0  exit.o(.text)
    .text                                    0x00006500   Section        0  defsig_exit.o(.text)
    .text                                    0x00006510   Section        0  defsig_rtmem_inner.o(.text)
    .text                                    0x00006560   Section        0  defsig_general.o(.text)
    .text                                    0x00006598   Section       16  rt_fp_status_addr_intlibspace.o(.text)
    .text_udiv                               0x000065a8   Section       36  aeabi_sdiv.o(.text_udiv)
    PORT_ASM                                 0x000065cc   Section      388  portasm.o(PORT_ASM)
    i.__ARM_common_call_via_r1               0x00006768   Section        0  __printf.o(i.__ARM_common_call_via_r1)
    i.__ARM_common_call_via_r2               0x0000676a   Section        0  __printf.o(i.__ARM_common_call_via_r2)
    x$fpl$fpinit                             0x00006770   Section       24  fpinit.o(x$fpl$fpinit)
    .constdata                               0x00006788   Section       64  controller.o(.constdata)
    .constdata                               0x000067c8   Section      128  lcd.o(.constdata)
    .constdata                               0x00006848   Section      768  font5x7.o(.constdata)
    .constdata                               0x00006b48   Section        8  lcd_grph.o(.constdata)
    font_mask                                0x00006b48   Data           8  lcd_grph.o(.constdata)
    .conststring                             0x00006b50   Section       10  console.o(.conststring)
    .data                                    0xa0000000   Section        4  main.o(.data)
    .data                                    0xa0000004   Section        8  console.o(.data)
    xPort                                    0xa0000008   Data           4  console.o(.data)
    .data                                    0xa000000c   Section        4  retarget.o(.data)
    .data                                    0xa0000010   Section       12  serial.o(.data)
    xRxedChars                               0xa0000010   Data           4  serial.o(.data)
    xCharsForTx                              0xa0000014   Data           4  serial.o(.data)
    lTHREEmpty                               0xa0000018   Data           4  serial.o(.data)
    .data                                    0xa000001c   Section        4  controller.o(.data)
    globalState                              0xa000001c   Data           4  controller.o(.data)
    .data                                    0xa0000020   Section        4  lcd.o(.data)
    xTouchScreenPressedQ                     0xa0000020   Data           4  lcd.o(.data)
    .data                                    0xa0000024   Section        8  mytimer.o(.data)
    .data                                    0xa000002c   Section       60  tasks.o(.data)
    uxTasksDeleted                           0xa0000030   Data           4  tasks.o(.data)
    uxCurrentNumberOfTasks                   0xa0000034   Data           4  tasks.o(.data)
    xTickCount                               0xa0000038   Data           4  tasks.o(.data)
    uxTopUsedPriority                        0xa000003c   Data           4  tasks.o(.data)
    uxTopReadyPriority                       0xa0000040   Data           4  tasks.o(.data)
    xSchedulerRunning                        0xa0000044   Data           4  tasks.o(.data)
    uxSchedulerSuspended                     0xa0000048   Data           4  tasks.o(.data)
    uxMissedTicks                            0xa000004c   Data           4  tasks.o(.data)
    xMissedYield                             0xa0000050   Data           4  tasks.o(.data)
    xNumOfOverflows                          0xa0000054   Data           4  tasks.o(.data)
    uxTaskNumber                             0xa0000058   Data           4  tasks.o(.data)
    xNextTaskUnblockTime                     0xa000005c   Data           4  tasks.o(.data)
    pxDelayedTaskList                        0xa0000060   Data           4  tasks.o(.data)
    pxOverflowDelayedTaskList                0xa0000064   Data           4  tasks.o(.data)
    .data                                    0xa0000068   Section        4  port.o(.data)
    .data                                    0xa000006c   Section       16  timers.o(.data)
    xTimerQueue                              0xa000006c   Data           4  timers.o(.data)
    xLastTime                                0xa0000070   Data           4  timers.o(.data)
    pxCurrentTimerList                       0xa0000074   Data           4  timers.o(.data)
    pxOverflowTimerList                      0xa0000078   Data           4  timers.o(.data)
    .data                                    0xa000007c   Section        4  lcd_grph.o(.data)
    foregroundColor                          0xa000007c   Data           2  lcd_grph.o(.data)
    backgroundColor                          0xa000007e   Data           2  lcd_grph.o(.data)
    .data                                    0xa0000080   Section        1  lcd_hw.o(.data)
    .bss                                     0xa0000084   Section      160  controller.o(.bss)
    .bss                                     0xa0000124   Section      180  tasks.o(.bss)
    pxReadyTasksLists                        0xa0000124   Data          80  tasks.o(.bss)
    xDelayedTaskList1                        0xa0000174   Data          20  tasks.o(.bss)
    xDelayedTaskList2                        0xa0000188   Data          20  tasks.o(.bss)
    xPendingReadyList                        0xa000019c   Data          20  tasks.o(.bss)
    xTasksWaitingTermination                 0xa00001b0   Data          20  tasks.o(.bss)
    xSuspendedTaskList                       0xa00001c4   Data          20  tasks.o(.bss)
    .bss                                     0xa00001d8   Section       40  timers.o(.bss)
    xActiveTimerList1                        0xa00001d8   Data          20  timers.o(.bss)
    xActiveTimerList2                        0xa00001ec   Data          20  timers.o(.bss)
    .bss                                     0xa0000200   Section       96  libspace.o(.bss)
    HEAP                                     0xa0000260   Section    4194304  lpc2400.o(HEAP)
    Heap_Mem                                 0xa0000260   Data       4194304  lpc2400.o(HEAP)
    STACK                                    0xa0400260   Section     4880  lpc2400.o(STACK)
    Stack_Mem                                0xa0400260   Data        4880  lpc2400.o(STACK)
    Stack_Top                                0xa0401570   Data           0  lpc2400.o(STACK)

    Global Symbols

    Symbol Name                              Value     Ov Type        Size  Object(Section)

    BuildAttributes$$THM_ISAv1$ARM_ISAv4$S$PE$A:L22$X:L11$S22$IEEE1$IW$USESV6$~STKCKD$USESV7$~SHL$OTIME$ROPI$EBA8$UX$STANDARDLIB$REQ8$PRES8$EABIv2 0x00000000   Number         0  anon$$obj.o ABSOLUTE
    __ARM_use_no_argv                        0x00000000   Number         0  main.o ABSOLUTE
    _printf_flags                            0x00000000   Number         0  printf_stubs.o ABSOLUTE
    _printf_return_value                     0x00000000   Number         0  printf_stubs.o ABSOLUTE
    _printf_sizespec                         0x00000000   Number         0  printf_stubs.o ABSOLUTE
    _printf_widthprec                        0x00000000   Number         0  printf_stubs.o ABSOLUTE
    __ARM_exceptions_init                     - Undefined Weak Reference
    __alloca_initialize                       - Undefined Weak Reference
    __cpp_initialize__aeabi_                  - Undefined Weak Reference
    __cxa_finalize                            - Undefined Weak Reference
    __rt_locale                               - Undefined Weak Reference
    __sigvec_lookup                           - Undefined Weak Reference
    __user_heap_extent                        - Undefined Weak Reference
    _atexit_init                              - Undefined Weak Reference
    _call_atexit_fns                          - Undefined Weak Reference
    _clock_init                               - Undefined Weak Reference
    _fp_trap_init                             - Undefined Weak Reference
    _fp_trap_shutdown                         - Undefined Weak Reference
    _get_lc_collate                           - Undefined Weak Reference
    _get_lc_ctype                             - Undefined Weak Reference
    _get_lc_monetary                          - Undefined Weak Reference
    _get_lc_numeric                           - Undefined Weak Reference
    _get_lc_time                              - Undefined Weak Reference
    _getenv_init                              - Undefined Weak Reference
    _handle_redirection                       - Undefined Weak Reference
    _initio                                   - Undefined Weak Reference
    _mutex_acquire                            - Undefined Weak Reference
    _mutex_free                               - Undefined Weak Reference
    _mutex_release                            - Undefined Weak Reference
    _printf_post_padding                      - Undefined Weak Reference
    _printf_pre_padding                       - Undefined Weak Reference
    _rand_init                                - Undefined Weak Reference
    _signal_finish                            - Undefined Weak Reference
    _signal_init                              - Undefined Weak Reference
    _terminateio                              - Undefined Weak Reference
    Reset_Handler                            0x00000058   ARM Code       0  lpc2400.o(RESET)
    __main                                   0x00000340   ARM Code       8  __main.o(!!!main)
    __scatterload                            0x00000348   ARM Code       0  __scatter.o(!!!scatter)
    __scatterload_rt2                        0x00000348   ARM Code      52  __scatter.o(!!!scatter)
    __scatterload_null                       0x0000035c   ARM Code       0  __scatter.o(!!!scatter)
    __scatterload_copy                       0x00000384   ARM Code      40  __scatter_copy.o(!!handler_copy)
    __scatterload_zeroinit                   0x000003ac   ARM Code      44  __scatter_zi.o(!!handler_zi)
    Inline Thumb to ARM Veneer to _printf_percent 0x000003d9   Thumb Code     4  _printf_percent.o(.ARM.Collect$$_printf_percent$$00000000)
    _printf_d                                0x000003dc   ARM Code       0  _printf_d.o(.ARM.Collect$$_printf_percent$$00000009)
    _printf_percent                          0x000003dc   ARM Code       0  _printf_percent.o(.ARM.Collect$$_printf_percent$$00000000)
    _printf_percent_end                      0x000003e4   ARM Code       0  _printf_percent_end.o(.ARM.Collect$$_printf_percent$$00000017)
    Inline ARM to Thumb Veneer to __rt_lib_init 0x000003ec   ARM Code       8  libinit.o(.ARM.Collect$$libinit$$00000000)
    __rt_lib_init                            0x000003f5   Thumb Code     0  libinit.o(.ARM.Collect$$libinit$$00000000)
    __rt_lib_init_heap_2                     0x000003fb   Thumb Code     0  libinit2.o(.ARM.Collect$$libinit$$00000001)
    __rt_lib_init_alloca_1                   0x00000403   Thumb Code     0  libinit2.o(.ARM.Collect$$libinit$$0000002A)
    __rt_lib_init_argv_1                     0x00000403   Thumb Code     0  libinit2.o(.ARM.Collect$$libinit$$00000028)
    __rt_lib_init_atexit_1                   0x00000403   Thumb Code     0  libinit2.o(.ARM.Collect$$libinit$$00000017)
    __rt_lib_init_clock_1                    0x00000403   Thumb Code     0  libinit2.o(.ARM.Collect$$libinit$$0000001D)
    __rt_lib_init_cpp_1                      0x00000403   Thumb Code     0  libinit2.o(.ARM.Collect$$libinit$$0000002E)
    __rt_lib_init_exceptions_1               0x00000403   Thumb Code     0  libinit2.o(.ARM.Collect$$libinit$$0000002C)
    __rt_lib_init_fp_trap_1                  0x00000403   Thumb Code     0  libinit2.o(.ARM.Collect$$libinit$$0000001B)
    __rt_lib_init_getenv_1                   0x00000403   Thumb Code     0  libinit2.o(.ARM.Collect$$libinit$$0000001F)
    __rt_lib_init_heap_1                     0x00000403   Thumb Code     0  libinit2.o(.ARM.Collect$$libinit$$00000006)
    __rt_lib_init_lc_collate_1               0x00000403   Thumb Code     0  libinit2.o(.ARM.Collect$$libinit$$0000000D)
    __rt_lib_init_lc_ctype_1                 0x00000403   Thumb Code     0  libinit2.o(.ARM.Collect$$libinit$$0000000F)
    __rt_lib_init_lc_monetary_1              0x00000403   Thumb Code     0  libinit2.o(.ARM.Collect$$libinit$$00000011)
    __rt_lib_init_lc_numeric_1               0x00000403   Thumb Code     0  libinit2.o(.ARM.Collect$$libinit$$00000013)
    __rt_lib_init_lc_time_1                  0x00000403   Thumb Code     0  libinit2.o(.ARM.Collect$$libinit$$00000015)
    __rt_lib_init_rand_1                     0x00000403   Thumb Code     0  libinit2.o(.ARM.Collect$$libinit$$0000000A)
    __rt_lib_init_return                     0x00000403   Thumb Code     0  libinit2.o(.ARM.Collect$$libinit$$0000002F)
    __rt_lib_init_signal_1                   0x00000403   Thumb Code     0  libinit2.o(.ARM.Collect$$libinit$$00000019)
    __rt_lib_init_stdio_1                    0x00000403   Thumb Code     0  libinit2.o(.ARM.Collect$$libinit$$00000021)
    __rt_lib_init_user_alloc_1               0x00000403   Thumb Code     0  libinit2.o(.ARM.Collect$$libinit$$00000008)
    Inline ARM to Thumb Veneer to __rt_lib_shutdown 0x00000410   ARM Code       8  libshutdown.o(.ARM.Collect$$libshutdown$$00000000)
    __rt_lib_shutdown                        0x00000419   Thumb Code     0  libshutdown.o(.ARM.Collect$$libshutdown$$00000000)
    __rt_lib_shutdown_fp_trap_1              0x0000041d   Thumb Code     0  libshutdown2.o(.ARM.Collect$$libshutdown$$00000006)
    __rt_lib_shutdown_heap_1                 0x0000041d   Thumb Code     0  libshutdown2.o(.ARM.Collect$$libshutdown$$0000000E)
    __rt_lib_shutdown_return                 0x0000041d   Thumb Code     0  libshutdown2.o(.ARM.Collect$$libshutdown$$0000000F)
    __rt_lib_shutdown_signal_1               0x0000041d   Thumb Code     0  libshutdown2.o(.ARM.Collect$$libshutdown$$00000009)
    __rt_lib_shutdown_stdio_1                0x0000041d   Thumb Code     0  libshutdown2.o(.ARM.Collect$$libshutdown$$00000003)
    __rt_lib_shutdown_user_alloc_1           0x0000041d   Thumb Code     0  libshutdown2.o(.ARM.Collect$$libshutdown$$0000000B)
    __rt_entry                               0x00000424   ARM Code       0  rtentry.o(.ARM.Collect$$rtentry$$00000000)
    __rt_entry_presh_1                       0x00000424   ARM Code       0  rtentry2.o(.ARM.Collect$$rtentry$$00000002)
    __rt_entry_sh                            0x00000424   ARM Code       0  rtentry4.o(.ARM.Collect$$rtentry$$00000004)
    __rt_entry_li                            0x0000042c   ARM Code       0  rtentry2.o(.ARM.Collect$$rtentry$$0000000A)
    __rt_entry_postsh_1                      0x0000042c   ARM Code       0  rtentry2.o(.ARM.Collect$$rtentry$$00000009)
    __rt_entry_main                          0x00000430   ARM Code       0  rtentry2.o(.ARM.Collect$$rtentry$$0000000D)
    __rt_entry_postli_1                      0x00000430   ARM Code       0  rtentry2.o(.ARM.Collect$$rtentry$$0000000C)
    Inline Thumb to ARM Veneer to __rt_exit  0x00000459   Thumb Code     4  rtexit.o(.ARM.Collect$$rtexit$$00000000)
    __rt_exit                                0x0000045c   ARM Code       0  rtexit.o(.ARM.Collect$$rtexit$$00000000)
    __rt_exit_ls                             0x00000460   ARM Code       0  rtexit2.o(.ARM.Collect$$rtexit$$00000003)
    __rt_exit_prels_1                        0x00000460   ARM Code       0  rtexit2.o(.ARM.Collect$$rtexit$$00000002)
    __rt_exit_exit                           0x00000464   ARM Code       0  rtexit2.o(.ARM.Collect$$rtexit$$00000004)
    __user_initial_stackheap                 0x0000046c   ARM Code       0  lpc2400.o(.text)
    _maybe_terminate_alloc                   0x0000046d   Thumb Code     0  maybetermalloc1.o(.emb_text)
    main                                     0x00000524   ARM Code      80  main.o(.text)
    vStartConsole                            0x0000061c   ARM Code      84  console.o(.text)
    xConsolePortHandle                       0x00000670   ARM Code      12  console.o(.text)
    fputc                                    0x000006ac   ARM Code      48  retarget.o(.text)
    fgetc                                    0x000006dc   ARM Code      68  retarget.o(.text)
    ferror                                   0x00000720   ARM Code      12  retarget.o(.text)
    _ttywrch                                 0x0000072c   ARM Code      40  retarget.o(.text)
    _sys_exit                                0x00000754   ARM Code       8  retarget.o(.text)
    xSerialPortInitMinimal                   0x0000075c   ARM Code     292  serial.o(.text)
    xSerialGetChar                           0x00000880   ARM Code      68  serial.o(.text)
    xSerialPutChar                           0x000008c4   ARM Code     172  serial.o(.text)
    vSerialPutString                         0x00000970   ARM Code      72  serial.o(.text)
    vUART_ISRHandler                         0x000009b8   ARM Code     272  serial.o(.text)
    vUART_ISREntry                           0x00000ae0   ARM Code       0  serialisr.o(.text)
    getButtons                               0x00000b74   ARM Code     292  sensors.o(.text)
    vStartSensors                            0x00000e10   ARM Code     368  sensors.o(.text)
    setLightOn                               0x00000f80   ARM Code      28  sensors.o(.text)
    putLights                                0x00000f9c   ARM Code     200  sensors.o(.text)
    sendToGlobalQueue                        0x000013c4   ARM Code      48  controller.o(.text)
    initializeStateMachine                   0x000013f4   ARM Code     164  controller.o(.text)
    vStartController                         0x00001614   ARM Code      64  controller.o(.text)
    drawStringOnButtonUsingButtonIndex       0x00001688   ARM Code      88  lcd.o(.text)
    changeButtonColorUsingButtonIndex        0x000016e0   ARM Code      96  lcd.o(.text)
    checkPassword                            0x00001740   ARM Code      76  lcd.o(.text)
    inWhichButton                            0x0000178c   ARM Code     112  lcd.o(.text)
    vStartLcd                                0x00001cec   ARM Code      84  lcd.o(.text)
    displayResult                            0x00001d40   ARM Code      64  lcd.o(.text)
    vLCD_ISRHandler                          0x00001d80   ARM Code     256  lcd.o(.text)
    vLCD_ISREntry                            0x00001e80   ARM Code       0  lcdisr.o(.text)
    vCreateTimer                             0x00001f40   ARM Code      52  mytimer.o(.text)
    startTimer                               0x00001f74   ARM Code      64  mytimer.o(.text)
    stopTimer                                0x00001fb4   ARM Code      56  mytimer.o(.text)
    vListInitialise                          0x0000202c   ARM Code      44  list.o(.text)
    vListInitialiseItem                      0x00002058   ARM Code      12  list.o(.text)
    vListInsertEnd                           0x00002064   ARM Code      56  list.o(.text)
    vListInsert                              0x0000209c   ARM Code      96  list.o(.text)
    vListRemove                              0x000020fc   ARM Code      68  list.o(.text)
    xQueueGenericReset                       0x00002140   ARM Code     184  queue.o(.text)
    xQueueGenericCreate                      0x000021f8   ARM Code     128  queue.o(.text)
    xQueueGenericSend                        0x00002450   ARM Code     348  queue.o(.text)
    xQueueGenericSendFromISR                 0x000025ac   ARM Code     172  queue.o(.text)
    xQueueGenericReceive                     0x000026e8   ARM Code     424  queue.o(.text)
    xQueueReceiveFromISR                     0x00002890   ARM Code     172  queue.o(.text)
    uxQueueMessagesWaiting                   0x0000293c   ARM Code      32  queue.o(.text)
    uxQueueMessagesWaitingFromISR            0x0000295c   ARM Code      12  queue.o(.text)
    vQueueDelete                             0x00002968   ARM Code      32  queue.o(.text)
    xQueueIsQueueEmptyFromISR                0x00002988   ARM Code      36  queue.o(.text)
    xQueueIsQueueFullFromISR                 0x000029ac   ARM Code      40  queue.o(.text)
    vQueueWaitForMessageRestricted           0x000029d4   ARM Code     100  queue.o(.text)
    xTaskGenericCreate                       0x00002b84   ARM Code     428  tasks.o(.text)
    vTaskDelete                              0x00002d30   ARM Code     180  tasks.o(.text)
    vTaskIncrementTick                       0x00002de4   ARM Code     452  tasks.o(.text)
    xTaskResumeAll                           0x00002fa8   ARM Code     348  tasks.o(.text)
    vTaskSuspendAll                          0x0000317c   ARM Code      24  tasks.o(.text)
    vTaskDelayUntil                          0x00003194   ARM Code     180  tasks.o(.text)
    vTaskDelay                               0x00003248   ARM Code      88  tasks.o(.text)
    uxTaskPriorityGet                        0x000032a0   ARM Code      60  tasks.o(.text)
    vTaskPrioritySet                         0x000032dc   ARM Code     252  tasks.o(.text)
    vTaskSwitchContext                       0x000033d8   ARM Code     168  tasks.o(.text)
    vTaskSuspend                             0x00003480   ARM Code     188  tasks.o(.text)
    xTaskIsTaskSuspended                     0x0000353c   ARM Code     124  tasks.o(.text)
    vTaskResume                              0x000035b8   ARM Code     160  tasks.o(.text)
    xTaskResumeFromISR                       0x00003658   ARM Code     184  tasks.o(.text)
    vTaskStartScheduler                      0x000037ec   ARM Code     212  tasks.o(.text)
    vTaskEndScheduler                        0x000038c0   ARM Code      40  tasks.o(.text)
    xTaskGetTickCount                        0x000038e8   ARM Code      32  tasks.o(.text)
    xTaskGetTickCountFromISR                 0x00003908   ARM Code      16  tasks.o(.text)
    uxTaskGetNumberOfTasks                   0x00003918   ARM Code      12  tasks.o(.text)
    vTaskPlaceOnEventList                    0x00003924   ARM Code     108  tasks.o(.text)
    vTaskPlaceOnEventListRestricted          0x00003990   ARM Code      76  tasks.o(.text)
    xTaskRemoveFromEventList                 0x000039dc   ARM Code     168  tasks.o(.text)
    vTaskSetTimeOutState                     0x00003a84   ARM Code      28  tasks.o(.text)
    xTaskCheckForTimeOut                     0x00003aa0   ARM Code     176  tasks.o(.text)
    vTaskMissedYield                         0x00003b50   ARM Code      16  tasks.o(.text)
    xTaskGetSchedulerState                   0x00003b60   ARM Code      56  tasks.o(.text)
    pxPortInitialiseStack                    0x00003b98   ARM Code     236  port.o(.text)
    xPortStartScheduler                      0x00003cf8   ARM Code      24  port.o(.text)
    vPortEndScheduler                        0x00003d10   ARM Code       4  port.o(.text)
    vPortEnterCritical                       0x00003d14   ARM Code      36  port.o(.text)
    vPortExitCritical                        0x00003d38   ARM Code      68  port.o(.text)
    pvPortMalloc                             0x00003da0   ARM Code      40  heap_3.o(.text)
    vPortFree                                0x00003dc8   ARM Code      40  heap_3.o(.text)
    xTimerGenericCommand                     0x00003e78   ARM Code     180  timers.o(.text)
    xTimerCreateTimerTask                    0x000043a8   ARM Code      84  timers.o(.text)
    xTimerCreate                             0x000043fc   ARM Code     104  timers.o(.text)
    xTimerIsTimerActive                      0x00004464   ARM Code      60  timers.o(.text)
    pvTimerGetTimerID                        0x000044a0   ARM Code      16  timers.o(.text)
    lcd_movePen                              0x000044d4   ARM Code     100  lcd_grph.o(.text)
    lcd_point                                0x00004538   ARM Code      72  lcd_grph.o(.text)
    lcd_setWindow                            0x00004638   ARM Code     144  lcd_grph.o(.text)
    lcd_fillScreen                           0x000046c8   ARM Code     112  lcd_grph.o(.text)
    lcd_drawRect                             0x00004738   ARM Code     112  lcd_grph.o(.text)
    lcd_fillRect                             0x000047a8   ARM Code     184  lcd_grph.o(.text)
    lcd_line                                 0x00004860   ARM Code     536  lcd_grph.o(.text)
    lcd_circle                               0x00004a78   ARM Code    1184  lcd_grph.o(.text)
    lcd_putChar                              0x00004f18   ARM Code     236  lcd_grph.o(.text)
    lcd_putString                            0x00005004   ARM Code      88  lcd_grph.o(.text)
    lcd_fontColor                            0x0000505c   ARM Code      20  lcd_grph.o(.text)
    lcd_pictureBegin                         0x00005070   ARM Code      84  lcd_grph.o(.text)
    lcd_pictureData                          0x000050c4   ARM Code      56  lcd_grph.o(.text)
    lcd_pictureEnd                           0x000050fc   ARM Code      32  lcd_grph.o(.text)
    lcd_picture                              0x0000511c   ARM Code      76  lcd_grph.o(.text)
    mdelay                                   0x0000518c   ARM Code      24  lcd_hw.o(.text)
    lcd_hw_init                              0x00005208   ARM Code     384  lcd_hw.o(.text)
    writeToDisp                              0x00005388   ARM Code      12  lcd_hw.o(.text)
    readFromDisp                             0x00005394   ARM Code      16  lcd_hw.o(.text)
    writeToReg                               0x000053a4   ARM Code      56  lcd_hw.o(.text)
    readFromReg                              0x000053dc   ARM Code      64  lcd_hw.o(.text)
    writeLcdCommand                          0x0000541c   ARM Code     248  lcd_hw.o(.text)
    lcd_init                                 0x00005514   ARM Code    1104  lcd_hw.o(.text)
    getTouch                                 0x00005964   ARM Code     336  lcd_hw.o(.text)
    __I$use$semihosting                      0x00005ba8   ARM Code       0  use_no_semi.o(.text)
    __use_no_semihosting_swi                 0x00005ba8   ARM Code       4  use_no_semi.o(.text)
    Inline ARM to Thumb Veneer to malloc     0x00005bac   ARM Code       8  h1_alloc.o(.text)
    malloc                                   0x00005bb5   Thumb Code   116  h1_alloc.o(.text)
    Inline ARM to Thumb Veneer to free       0x00005c28   ARM Code       8  h1_free.o(.text)
    free                                     0x00005c31   Thumb Code    84  h1_free.o(.text)
    Inline ARM to Thumb Veneer to __2printf  0x00005c84   ARM Code       8  noretval__2printf.o(.text)
    __2printf                                0x00005c8d   Thumb Code    22  noretval__2printf.o(.text)
    _printf_truncate_signed                  0x00005ca9   Thumb Code    22  _printf_truncate.o(.text)
    _printf_truncate_unsigned                0x00005cbf   Thumb Code    22  _printf_truncate.o(.text)
    Inline ARM to Thumb Veneer to _printf_int_dec 0x00005cd4   ARM Code       8  _printf_dec.o(.text)
    _printf_int_dec                          0x00005cdd   Thumb Code    94  _printf_dec.o(.text)
    __printf                                 0x00005d4d   Thumb Code   214  __printf_ss.o(.text)
    Inline ARM to Thumb Veneer to strlen     0x00005e24   ARM Code       8  strlen.o(.text)
    strlen                                   0x00005e2d   Thumb Code    64  strlen.o(.text)
    __aeabi_memcpy                           0x00005e70   ARM Code       0  rt_memcpy.o(.text)
    __rt_memcpy                              0x00005e70   ARM Code     212  rt_memcpy.o(.text)
    _memcpy_lastbytes                        0x00005f24   ARM Code       0  rt_memcpy.o(.text)
    __aeabi_memcpy4                          0x00005f44   ARM Code       0  rt_memcpy_w.o(.text)
    __aeabi_memcpy8                          0x00005f44   ARM Code       0  rt_memcpy_w.o(.text)
    __rt_memcpy_w                            0x00005f44   ARM Code     100  rt_memcpy_w.o(.text)
    _memcpy_lastbytes_aligned                0x00005f90   ARM Code       0  rt_memcpy_w.o(.text)
    __aeabi_memset                           0x00005fa8   ARM Code      16  aeabi_memset.o(.text)
    strncpy                                  0x00005fb8   ARM Code     108  strncpy.o(.text)
    __aeabi_idiv                             0x00006028   ARM Code       0  aeabi_sdiv.o(.text)
    __aeabi_idivmod                          0x00006028   ARM Code     384  aeabi_sdiv.o(.text)
    __use_two_region_memory                  0x000061a9   Thumb Code     2  heapauxi.o(.text)
    __rt_heap_escrow                         0x000061ab   Thumb Code     2  heapauxi.o(.text)
    __rt_heap_expand                         0x000061ad   Thumb Code     2  heapauxi.o(.text)
    Inline Thumb to ARM Veneer to __rt_heap_descriptor 0x000061b1   Thumb Code     4  rt_heap_descriptor_intlibspace.o(.text)
    __rt_heap_descriptor                     0x000061b4   ARM Code      16  rt_heap_descriptor_intlibspace.o(.text)
    __use_no_heap                            0x000061c5   Thumb Code     2  hguard.o(.text)
    __heap$guard                             0x000061c7   Thumb Code     2  hguard.o(.text)
    _terminate_user_alloc                    0x000061c9   Thumb Code     2  init_alloc.o(.text)
    _init_user_alloc                         0x000061cb   Thumb Code     2  init_alloc.o(.text)
    __Heap_Full                              0x000061cd   Thumb Code    36  init_alloc.o(.text)
    __Heap_Broken                            0x000061f1   Thumb Code    14  init_alloc.o(.text)
    _init_alloc                              0x000061ff   Thumb Code    94  init_alloc.o(.text)
    __Heap_Initialize                        0x0000625d   Thumb Code    10  h1_init.o(.text)
    __Heap_DescSize                          0x00006267   Thumb Code     4  h1_init.o(.text)
    _printf_int_common                       0x0000626b   Thumb Code   182  _printf_intcommon.o(.text)
    _printf_char_file                        0x00006321   Thumb Code    38  _printf_char_file.o(.text)
    __aeabi_memclr                           0x0000634c   ARM Code       0  rt_memclr.o(.text)
    __rt_memclr                              0x0000634c   ARM Code      64  rt_memclr.o(.text)
    _memset                                  0x00006350   ARM Code       0  rt_memclr.o(.text)
    Inline Thumb to ARM Veneer to __rt_udiv10 0x0000638d   Thumb Code     4  rtudiv10.o(.text)
    __rt_udiv10                              0x00006390   ARM Code      44  rtudiv10.o(.text)
    __user_libspace                          0x000063bc   ARM Code      12  libspace.o(.text)
    __user_perproc_libspace                  0x000063bc   ARM Code       0  libspace.o(.text)
    __user_perthread_libspace                0x000063bc   ARM Code       0  libspace.o(.text)
    __Heap_ProvideMemory                     0x000063c9   Thumb Code    56  h1_extend.o(.text)
    _printf_char_common                      0x0000640b   Thumb Code    34  _printf_char_common.o(.text)
    __rt_SIGRTMEM                            0x00006431   Thumb Code    16  defsig_rtmem_outer.o(.text)
    __aeabi_memclr4                          0x00006440   ARM Code       0  rt_memclr_w.o(.text)
    __aeabi_memclr8                          0x00006440   ARM Code       0  rt_memclr_w.o(.text)
    __rt_memclr_w                            0x00006440   ARM Code      84  rt_memclr_w.o(.text)
    _memset_w                                0x00006444   ARM Code       0  rt_memclr_w.o(.text)
    __user_setup_stackheap                   0x00006494   ARM Code      96  sys_stackheap_outer.o(.text)
    exit                                     0x000064f5   Thumb Code    12  exit.o(.text)
    __sig_exit                               0x00006501   Thumb Code    16  defsig_exit.o(.text)
    __rt_SIGRTMEM_inner                      0x00006511   Thumb Code    24  defsig_rtmem_inner.o(.text)
    __default_signal_display                 0x00006561   Thumb Code    56  defsig_general.o(.text)
    __rt_fp_status_addr                      0x00006598   ARM Code      16  rt_fp_status_addr_intlibspace.o(.text)
    __aeabi_uidiv                            0x000065a8   ARM Code       0  aeabi_sdiv.o(.text_udiv)
    __aeabi_uidivmod                         0x000065a8   ARM Code      36  aeabi_sdiv.o(.text_udiv)
    vPortStartFirstTask                      0x000065cc   ARM Code       0  portasm.o(PORT_ASM)
    vPortYield                               0x000065fc   ARM Code       0  portasm.o(PORT_ASM)
    vPortYieldProcessor                      0x00006604   ARM Code       0  portasm.o(PORT_ASM)
    vPreemptiveTick                          0x00006690   ARM Code       0  portasm.o(PORT_ASM)
    Short Thumb to ARM Veneer to ferror      0x00006751   Thumb Code     8  anon$$obj.o(Veneer$$Code)
    Short Thumb to ARM Veneer to _sys_exit   0x00006759   Thumb Code     8  anon$$obj.o(Veneer$$Code)
    Short Thumb to ARM Veneer to _ttywrch    0x00006761   Thumb Code     8  anon$$obj.o(Veneer$$Code)
    __ARM_common_call_via_r1                 0x00006769   Thumb Code     2  __printf.o(i.__ARM_common_call_via_r1)
    __ARM_common_call_via_r2                 0x0000676b   Thumb Code     2  __printf.o(i.__ARM_common_call_via_r2)
    Inline Thumb to ARM Veneer to _fp_init   0x0000676d   Thumb Code     4  fpinit.o(x$fpl$fpinit)
    _fp_init                                 0x00006770   ARM Code      24  fpinit.o(x$fpl$fpinit)
    __fplib_config_pureend_doubles           0x00006780   ARM Code       0  fpinit.o(x$fpl$fpinit)
    NUMBER_OF_STATES                         0x00006788   Data           4  controller.o(.constdata)
    NUMBER_OF_TRANSITIONS                    0x0000678c   Data           4  controller.o(.constdata)
    OUTDOOR_LOCK_INDOOR_LOCK                 0x00006790   Data           4  controller.o(.constdata)
    OUTDOOR_UNLOCK_INDOOR_LOCK               0x00006794   Data           4  controller.o(.constdata)
    OUTDOOR_OPEN_INDOOR_LOCK                 0x00006798   Data           4  controller.o(.constdata)
    OUTDOOR_LOCK_INDOOR_UNLOCK               0x0000679c   Data           4  controller.o(.constdata)
    OUTDOOR_LOCK_INDOOR_OPEN                 0x000067a0   Data           4  controller.o(.constdata)
    PASSWORD_APPROVED                        0x000067a4   Data           4  controller.o(.constdata)
    OUTDOOR_BTN_PRESSED                      0x000067a8   Data           4  controller.o(.constdata)
    FIVE_SECONDS_PASSED                      0x000067ac   Data           4  controller.o(.constdata)
    OUTDOOR_OPEN                             0x000067b0   Data           4  controller.o(.constdata)
    OUTDOOR_CLOSE                            0x000067b4   Data           4  controller.o(.constdata)
    INDOOR_BTN_PRESSED                       0x000067b8   Data           4  controller.o(.constdata)
    INDOOR_OPEN                              0x000067bc   Data           4  controller.o(.constdata)
    INDOOR_CLOSE                             0x000067c0   Data           4  controller.o(.constdata)
    TICKS_TO_WAIT                            0x000067c4   Data           4  controller.o(.constdata)
    font5x7                                  0x00006848   Data         768  font5x7.o(.constdata)
    Region$$Table$$Base                      0x00006b5c   Number         0  anon$$obj.o(Region$$Table)
    Region$$Table$$Limit                     0x00006b7c   Number         0  anon$$obj.o(Region$$Table)
    xGlobalStateQueueQ                       0xa0000000   Data           4  main.o(.data)
    pcPrompt                                 0xa0000004   Data           4  console.o(.data)
    __stdout                                 0xa000000c   Data           4  retarget.o(.data)
    flag                                     0xa0000024   Data           4  mytimer.o(.data)
    xGlobalTimer                             0xa0000028   Data           4  mytimer.o(.data)
    pxCurrentTCB                             0xa000002c   Data           4  tasks.o(.data)
    ulCriticalNesting                        0xa0000068   Data           4  port.o(.data)
    activeController                         0xa0000080   Data           1  lcd_hw.o(.data)
    stateMachine                             0xa0000084   Data         160  controller.o(.bss)
    __libspace_start                         0xa0000200   Data          96  libspace.o(.bss)
    __temporary_stack_top$libspace           0xa0000260   Data           0  libspace.o(.bss)



==============================================================================

Memory Map of the image

  Image Entry point : 0x00000340

  Load Region LR_IROM1 (Base: 0x00000000, Size: 0x00006c00, Max: 0x00080000, ABSOLUTE)

    Execution Region ER_IROM1 (Base: 0x00000000, Size: 0x00006b7c, Max: 0x00080000, ABSOLUTE)

    Base Addr    Size         Type   Attr      Idx    E Section Name        Object

    0x00000000   0x00000340   Code   RO            3    RESET               lpc2400.o
    0x00000340   0x00000008   Code   RO          530  * !!!main             c_t.l(__main.o)(c_t.l)
    0x00000348   0x0000003c   Code   RO          759    !!!scatter          c_t.l(__scatter.o)(c_t.l)
    0x00000384   0x00000028   Code   RO          761    !!handler_copy      c_t.l(__scatter_copy.o)(c_t.l)
    0x000003ac   0x0000002c   Code   RO          763    !!handler_zi        c_t.l(__scatter_zi.o)(c_t.l)
    0x000003d8   0x00000004   Ven    RO          501    .ARM.Collect$$_printf_percent$$00000000  c_t.l(_printf_percent.o)(c_t.l)
    0x000003dc   0x00000000   Code   RO          501    .ARM.Collect$$_printf_percent$$00000000  c_t.l(_printf_percent.o)(c_t.l)
    0x000003dc   0x00000008   Code   RO          500    .ARM.Collect$$_printf_percent$$00000009  c_t.l(_printf_d.o)(c_t.l)
    0x000003e4   0x00000008   Code   RO          569    .ARM.Collect$$_printf_percent$$00000017  c_t.l(_printf_percent_end.o)(c_t.l)
    0x000003ec   0x00000008   Ven    RO          695    .ARM.Collect$$libinit$$00000000  c_t.l(libinit.o)(c_t.l)
    0x000003f4   0x00000006   Code   RO          695    .ARM.Collect$$libinit$$00000000  c_t.l(libinit.o)(c_t.l)
    0x000003fa   0x00000008   Code   RO          576    .ARM.Collect$$libinit$$00000001  c_t.l(libinit2.o)(c_t.l)
    0x00000402   0x00000000   Code   RO          578    .ARM.Collect$$libinit$$00000006  c_t.l(libinit2.o)(c_t.l)
    0x00000402   0x00000000   Code   RO          580    .ARM.Collect$$libinit$$00000008  c_t.l(libinit2.o)(c_t.l)
    0x00000402   0x00000000   Code   RO          582    .ARM.Collect$$libinit$$0000000A  c_t.l(libinit2.o)(c_t.l)
    0x00000402   0x00000000   Code   RO          585    .ARM.Collect$$libinit$$0000000D  c_t.l(libinit2.o)(c_t.l)
    0x00000402   0x00000000   Code   RO          587    .ARM.Collect$$libinit$$0000000F  c_t.l(libinit2.o)(c_t.l)
    0x00000402   0x00000000   Code   RO          589    .ARM.Collect$$libinit$$00000011  c_t.l(libinit2.o)(c_t.l)
    0x00000402   0x00000000   Code   RO          591    .ARM.Collect$$libinit$$00000013  c_t.l(libinit2.o)(c_t.l)
    0x00000402   0x00000000   Code   RO          593    .ARM.Collect$$libinit$$00000015  c_t.l(libinit2.o)(c_t.l)
    0x00000402   0x00000000   Code   RO          595    .ARM.Collect$$libinit$$00000017  c_t.l(libinit2.o)(c_t.l)
    0x00000402   0x00000000   Code   RO          597    .ARM.Collect$$libinit$$00000019  c_t.l(libinit2.o)(c_t.l)
    0x00000402   0x00000000   Code   RO          599    .ARM.Collect$$libinit$$0000001B  c_t.l(libinit2.o)(c_t.l)
    0x00000402   0x00000000   Code   RO          601    .ARM.Collect$$libinit$$0000001D  c_t.l(libinit2.o)(c_t.l)
    0x00000402   0x00000000   Code   RO          603    .ARM.Collect$$libinit$$0000001F  c_t.l(libinit2.o)(c_t.l)
    0x00000402   0x00000000   Code   RO          605    .ARM.Collect$$libinit$$00000021  c_t.l(libinit2.o)(c_t.l)
    0x00000402   0x00000000   Code   RO          609    .ARM.Collect$$libinit$$00000028  c_t.l(libinit2.o)(c_t.l)
    0x00000402   0x00000000   Code   RO          611    .ARM.Collect$$libinit$$0000002A  c_t.l(libinit2.o)(c_t.l)
    0x00000402   0x00000000   Code   RO          613    .ARM.Collect$$libinit$$0000002C  c_t.l(libinit2.o)(c_t.l)
    0x00000402   0x00000000   Code   RO          615    .ARM.Collect$$libinit$$0000002E  c_t.l(libinit2.o)(c_t.l)
    0x00000402   0x0000000c   Code   RO          616    .ARM.Collect$$libinit$$0000002F  c_t.l(libinit2.o)(c_t.l)
    0x0000040e   0x00000002   PAD
    0x00000410   0x00000008   Ven    RO          756    .ARM.Collect$$libshutdown$$00000000  c_t.l(libshutdown.o)(c_t.l)
    0x00000418   0x00000004   Code   RO          756    .ARM.Collect$$libshutdown$$00000000  c_t.l(libshutdown.o)(c_t.l)
    0x0000041c   0x00000000   Code   RO          710    .ARM.Collect$$libshutdown$$00000003  c_t.l(libshutdown2.o)(c_t.l)
    0x0000041c   0x00000000   Code   RO          713    .ARM.Collect$$libshutdown$$00000006  c_t.l(libshutdown2.o)(c_t.l)
    0x0000041c   0x00000000   Code   RO          716    .ARM.Collect$$libshutdown$$00000009  c_t.l(libshutdown2.o)(c_t.l)
    0x0000041c   0x00000000   Code   RO          718    .ARM.Collect$$libshutdown$$0000000B  c_t.l(libshutdown2.o)(c_t.l)
    0x0000041c   0x00000000   Code   RO          721    .ARM.Collect$$libshutdown$$0000000E  c_t.l(libshutdown2.o)(c_t.l)
    0x0000041c   0x00000006   Code   RO          722    .ARM.Collect$$libshutdown$$0000000F  c_t.l(libshutdown2.o)(c_t.l)
    0x00000422   0x00000002   PAD
    0x00000424   0x00000000   Code   RO          534    .ARM.Collect$$rtentry$$00000000  c_t.l(rtentry.o)(c_t.l)
    0x00000424   0x00000000   Code   RO          623    .ARM.Collect$$rtentry$$00000002  c_t.l(rtentry2.o)(c_t.l)
    0x00000424   0x00000008   Code   RO          638    .ARM.Collect$$rtentry$$00000004  c_t.l(rtentry4.o)(c_t.l)
    0x0000042c   0x00000000   Code   RO          625    .ARM.Collect$$rtentry$$00000009  c_t.l(rtentry2.o)(c_t.l)
    0x0000042c   0x00000004   Code   RO          626    .ARM.Collect$$rtentry$$0000000A  c_t.l(rtentry2.o)(c_t.l)
    0x00000430   0x00000000   Code   RO          628    .ARM.Collect$$rtentry$$0000000C  c_t.l(rtentry2.o)(c_t.l)
    0x00000430   0x00000028   Code   RO          629    .ARM.Collect$$rtentry$$0000000D  c_t.l(rtentry2.o)(c_t.l)
    0x00000458   0x00000004   Ven    RO          696    .ARM.Collect$$rtexit$$00000000  c_t.l(rtexit.o)(c_t.l)
    0x0000045c   0x00000004   Code   RO          696    .ARM.Collect$$rtexit$$00000000  c_t.l(rtexit.o)(c_t.l)
    0x00000460   0x00000000   Code   RO          726    .ARM.Collect$$rtexit$$00000002  c_t.l(rtexit2.o)(c_t.l)
    0x00000460   0x00000004   Code   RO          727    .ARM.Collect$$rtexit$$00000003  c_t.l(rtexit2.o)(c_t.l)
    0x00000464   0x00000008   Code   RO          728    .ARM.Collect$$rtexit$$00000004  c_t.l(rtexit2.o)(c_t.l)
    0x0000046c   0x00000000   Code   RO          644    .emb_text           c_t.l(maybetermalloc1.o)(c_t.l)
    0x0000046c   0x00000024   Code   RO            4    .text               lpc2400.o
    0x00000490   0x000000f4   Code   RO           11    .text               main.o
    0x00000584   0x00000128   Code   RO           88    .text               console.o
    0x000006ac   0x000000b0   Code   RO          111    .text               retarget.o
    0x0000075c   0x00000384   Code   RO          136    .text               serial.o
    0x00000ae0   0x00000094   Code   RO          150    .text               serialisr.o
    0x00000b74   0x000004f0   Code   RO          153    .text               sensors.o
    0x00001064   0x00000624   Code   RO          176    .text               controller.o
    0x00001688   0x000007f8   Code   RO          194    .text               lcd.o
    0x00001e80   0x00000094   Code   RO          210    .text               lcdisr.o
    0x00001f14   0x00000118   Code   RO          213    .text               mytimer.o
    0x0000202c   0x00000114   Code   RO          232    .text               list.o
    0x00002140   0x000008f8   Code   RO          244    .text               queue.o
    0x00002a38   0x00001160   Code   RO          256    .text               tasks.o
    0x00003b98   0x00000208   Code   RO          288    .text               port.o
    0x00003da0   0x00000050   Code   RO          306    .text               heap_3.o
    0x00003df0   0x000006e4   Code   RO          318    .text               timers.o
    0x000044d4   0x00000cb8   Code   RO          348    .text               lcd_grph.o
    0x0000518c   0x00000a1c   Code   RO          377    .text               lcd_hw.o
    0x00005ba8   0x00000004   Code   RO          400    .text               c_t.l(use_no_semi.o)(c_t.l)
    0x00005bac   0x00000008   Ven    RO          406    .text               c_t.l(h1_alloc.o)(c_t.l)
    0x00005bb4   0x00000074   Code   RO          406    .text               c_t.l(h1_alloc.o)(c_t.l)
    0x00005c28   0x00000008   Ven    RO          408    .text               c_t.l(h1_free.o)(c_t.l)
    0x00005c30   0x00000054   Code   RO          408    .text               c_t.l(h1_free.o)(c_t.l)
    0x00005c84   0x00000008   Ven    RO          470    .text               c_t.l(noretval__2printf.o)(c_t.l)
    0x00005c8c   0x0000001c   Code   RO          470    .text               c_t.l(noretval__2printf.o)(c_t.l)
    0x00005ca8   0x0000002c   Code   RO          478    .text               c_t.l(_printf_truncate.o)(c_t.l)
    0x00005cd4   0x00000008   Ven    RO          480    .text               c_t.l(_printf_dec.o)(c_t.l)
    0x00005cdc   0x00000070   Code   RO          480    .text               c_t.l(_printf_dec.o)(c_t.l)
    0x00005d4c   0x000000d6   Code   RO          485    .text               c_t.l(__printf_ss.o)(c_t.l)
    0x00005e22   0x00000002   PAD
    0x00005e24   0x00000008   Ven    RO          502    .text               c_t.l(strlen.o)(c_t.l)
    0x00005e2c   0x00000044   Code   RO          502    .text               c_t.l(strlen.o)(c_t.l)
    0x00005e70   0x000000d4   Code   RO          504    .text               c_t.l(rt_memcpy.o)(c_t.l)
    0x00005f44   0x00000064   Code   RO          506    .text               c_t.l(rt_memcpy_w.o)(c_t.l)
    0x00005fa8   0x00000010   Code   RO          508    .text               c_t.l(aeabi_memset.o)(c_t.l)
    0x00005fb8   0x00000070   Code   RO          510    .text               c_t.l(strncpy.o)(c_t.l)
    0x00006028   0x00000180   Code   RO          512    .text               c_t.l(aeabi_sdiv.o)(c_t.l)
    0x000061a8   0x00000006   Code   RO          528    .text               c_t.l(heapauxi.o)(c_t.l)
    0x000061ae   0x00000002   PAD
    0x000061b0   0x00000004   Ven    RO          543    .text               c_t.l(rt_heap_descriptor_intlibspace.o)(c_t.l)
    0x000061b4   0x00000010   Code   RO          543    .text               c_t.l(rt_heap_descriptor_intlibspace.o)(c_t.l)
    0x000061c4   0x00000004   Code   RO          545    .text               c_t.l(hguard.o)(c_t.l)
    0x000061c8   0x00000094   Code   RO          547    .text               c_t.l(init_alloc.o)(c_t.l)
    0x0000625c   0x0000000e   Code   RO          551    .text               c_t.l(h1_init.o)(c_t.l)
    0x0000626a   0x000000b6   Code   RO          565    .text               c_t.l(_printf_intcommon.o)(c_t.l)
    0x00006320   0x0000002c   Code   RO          567    .text               c_t.l(_printf_char_file.o)(c_t.l)
    0x0000634c   0x00000040   Code   RO          570    .text               c_t.l(rt_memclr.o)(c_t.l)
    0x0000638c   0x00000004   Ven    RO          572    .text               c_t.l(rtudiv10.o)(c_t.l)
    0x00006390   0x0000002c   Code   RO          572    .text               c_t.l(rtudiv10.o)(c_t.l)
    0x000063bc   0x0000000c   Code   RO          619    .text               c_t.l(libspace.o)(c_t.l)
    0x000063c8   0x00000038   Code   RO          648    .text               c_t.l(h1_extend.o)(c_t.l)
    0x00006400   0x00000030   Code   RO          652    .text               c_t.l(_printf_char_common.o)(c_t.l)
    0x00006430   0x00000010   Code   RO          654    .text               c_t.l(defsig_rtmem_outer.o)(c_t.l)
    0x00006440   0x00000054   Code   RO          658    .text               c_t.l(rt_memclr_w.o)(c_t.l)
    0x00006494   0x00000060   Code   RO          665    .text               c_t.l(sys_stackheap_outer.o)(c_t.l)
    0x000064f4   0x0000000c   Code   RO          675    .text               c_t.l(exit.o)(c_t.l)
    0x00006500   0x00000010   Code   RO          677    .text               c_t.l(defsig_exit.o)(c_t.l)
    0x00006510   0x00000050   Code   RO          683    .text               c_t.l(defsig_rtmem_inner.o)(c_t.l)
    0x00006560   0x00000038   Code   RO          704    .text               c_t.l(defsig_general.o)(c_t.l)
    0x00006598   0x00000010   Code   RO          736    .text               c_t.l(rt_fp_status_addr_intlibspace.o)(c_t.l)
    0x000065a8   0x00000024   Code   RO          513    .text_udiv          c_t.l(aeabi_sdiv.o)(c_t.l)
    0x000065cc   0x00000184   Code   RO          303    PORT_ASM            portasm.o
    0x00006750   0x00000008   Ven    RO          777    Veneer$$Code        anon$$obj.o
    0x00006758   0x00000008   Ven    RO          778    Veneer$$Code        anon$$obj.o
    0x00006760   0x00000008   Ven    RO          779    Veneer$$Code        anon$$obj.o
    0x00006768   0x00000002   Code   RO          476    i.__ARM_common_call_via_r1  c_t.l(__printf.o)(c_t.l)
    0x0000676a   0x00000002   Code   RO          474    i.__ARM_common_call_via_r2  c_t.l(__printf.o)(c_t.l)
    0x0000676c   0x00000004   Ven    RO          723    x$fpl$fpinit        fz_ts.l(fpinit.o)(fz_ts.l)
    0x00006770   0x00000018   Code   RO          723    x$fpl$fpinit        fz_ts.l(fpinit.o)(fz_ts.l)
    0x00006788   0x00000040   Data   RO          178    .constdata          controller.o
    0x000067c8   0x00000080   Data   RO          195    .constdata          lcd.o
    0x00006848   0x00000300   Data   RO          333    .constdata          font5x7.o
    0x00006b48   0x00000008   Data   RO          349    .constdata          lcd_grph.o
    0x00006b50   0x0000000a   Data   RO           89    .conststring        console.o
    0x00006b5a   0x00000002   PAD
    0x00006b5c   0x00000020   Data   RO          757    Region$$Table       anon$$obj.o


    Execution Region RW_RAM1 (Base: 0xa0000000, Size: 0x00401570, Max: 0x02000000, ABSOLUTE)

    Base Addr    Size         Type   Attr      Idx    E Section Name        Object

    0xa0000000   0x00000004   Data   RW           12    .data               main.o
    0xa0000004   0x00000008   Data   RW           90    .data               console.o
    0xa000000c   0x00000004   Data   RW          112    .data               retarget.o
    0xa0000010   0x0000000c   Data   RW          137    .data               serial.o
    0xa000001c   0x00000004   Data   RW          179    .data               controller.o
    0xa0000020   0x00000004   Data   RW          196    .data               lcd.o
    0xa0000024   0x00000008   Data   RW          214    .data               mytimer.o
    0xa000002c   0x0000003c   Data   RW          258    .data               tasks.o
    0xa0000068   0x00000004   Data   RW          289    .data               port.o
    0xa000006c   0x00000010   Data   RW          320    .data               timers.o
    0xa000007c   0x00000004   Data   RW          350    .data               lcd_grph.o
    0xa0000080   0x00000001   Data   RW          378    .data               lcd_hw.o
    0xa0000081   0x00000003   PAD
    0xa0000084   0x000000a0   Zero   RW          177    .bss                controller.o
    0xa0000124   0x000000b4   Zero   RW          257    .bss                tasks.o
    0xa00001d8   0x00000028   Zero   RW          319    .bss                timers.o
    0xa0000200   0x00000060   Zero   RW          620    .bss                c_t.l(libspace.o)(c_t.l)
    0xa0000260   0x00400000   Zero   RW            2    HEAP                lpc2400.o
    0xa0400260   0x00001310   Zero   RW            1    STACK               lpc2400.o


==============================================================================

Image component sizes


      Code (inc. data)   RO Data    RW Data    ZI Data      Debug   Object Name

       296         48         10          8          0          0   console.o
      1572        588         64          4        160          0   controller.o
         0          0        768          0          0          0   font5x7.o
        80          0          0          0          0          0   heap_3.o
      2040        448        128          4          0          0   lcd.o
      3256         36          8          4          0          0   lcd_grph.o
      2588        244          0          1          0          0   lcd_hw.o
       148         12          0          0          0          0   lcdisr.o
       276          0          0          0          0          0   list.o
       868        112          0          0    4199184          0   lpc2400.o
       244         16          0          4          0          0   main.o
       280         64          0          8          0          0   mytimer.o
       520         36          0          4          0          0   port.o
       388         24          0          0          0          0   portasm.o
      2296          0          0          0          0          0   queue.o
       176          0          0          4          0          0   retarget.o
      1264        220          0          0          0          0   sensors.o
       900         24          0         12          0          0   serial.o
       148         12          0          0          0          0   serialisr.o
      4448         96          0         60        180          0   tasks.o
      1764         36          0         16         40          0   timers.o

    ----------------------------------------------------------------------
     23576       2016       1012        132    4199564          0   Object Totals
        24          0         32          0          0          0   (incl. Generated)
         0          0          2          3          0          1   (incl. Padding)

    ----------------------------------------------------------------------

      Code (inc. data)   RO Data    RW Data    ZI Data      Debug   Library Member Name

         8          0          0          0          0          0   __main.o
         4          0          0          0          0          0   __printf.o
       214          0          0          0          0          0   __printf_ss.o
        60          8          0          0          0          0   __scatter.o
        40          0          0          0          0          0   __scatter_copy.o
        44          0          0          0          0          0   __scatter_zi.o
        48          4          0          0          0          0   _printf_char_common.o
        44          6          0          0          0          0   _printf_char_file.o
         8          0          0          0          0          0   _printf_d.o
       120         18          0          0          0          0   _printf_dec.o
       182          0          0          0          0          0   _printf_intcommon.o
         4          0          0          0          0          0   _printf_percent.o
         8          0          0          0          0          0   _printf_percent_end.o
        44          0          0          0          0          0   _printf_truncate.o
        16          0          0          0          0          0   aeabi_memset.o
       420          0          0          0          0          0   aeabi_sdiv.o
        16          0          0          0          0          0   defsig_exit.o
        56          0          0          0          0          0   defsig_general.o
        80         56          0          0          0          0   defsig_rtmem_inner.o
        16          0          0          0          0          0   defsig_rtmem_outer.o
        12          0          0          0          0          0   exit.o
       124          0          0          0          0          0   h1_alloc.o
        56          0          0          0          0          0   h1_extend.o
        92          0          0          0          0          0   h1_free.o
        14          0          0          0          0          0   h1_init.o
         6          0          0          0          0          0   heapauxi.o
         4          0          0          0          0          0   hguard.o
       148          0          0          0          0          0   init_alloc.o
        14          0          0          0          0          0   libinit.o
        20          0          0          0          0          0   libinit2.o
        12          0          0          0          0          0   libshutdown.o
         6          0          0          0          0          0   libshutdown2.o
        12          4          0          0         96          0   libspace.o
         0          0          0          0          0          0   maybetermalloc1.o
        36          6          0          0          0          0   noretval__2printf.o
        16          4          0          0          0          0   rt_fp_status_addr_intlibspace.o
        20          4          0          0          0          0   rt_heap_descriptor_intlibspace.o
        64          0          0          0          0          0   rt_memclr.o
        84          0          0          0          0          0   rt_memclr_w.o
       212          0          0          0          0          0   rt_memcpy.o
       100          0          0          0          0          0   rt_memcpy_w.o
         0          0          0          0          0          0   rtentry.o
        44          4          0          0          0          0   rtentry2.o
         8          0          0          0          0          0   rtentry4.o
         8          0          0          0          0          0   rtexit.o
        12          0          0          0          0          0   rtexit2.o
        48          0          0          0          0          0   rtudiv10.o
        76          4          0          0          0          0   strlen.o
       112          4          0          0          0          0   strncpy.o
        96          0          0          0          0          0   sys_stackheap_outer.o
         4          0          0          0          0          0   use_no_semi.o
        28          0          0          0          0          0   fpinit.o

    ----------------------------------------------------------------------
      2928        122          0          0         96          0   Library Totals
         8          0          0          0          0          0   (incl. Padding)

    ----------------------------------------------------------------------

      Code (inc. data)   RO Data    RW Data    ZI Data      Debug   Library Name

      2892        122          0          0         96       3172   c_t.l
        28          0          0          0          0         80   fz_ts.l

    ----------------------------------------------------------------------
      2928        122          0          0         96          0   Library Totals

    ----------------------------------------------------------------------

==============================================================================


      Code (inc. data)   RO Data    RW Data    ZI Data      Debug   

     26504       2138       1012        132    4199660      79396   Grand Totals
     26504       2138       1012        132    4199660      79396   ELF Image Totals
     26504       2138       1012        132          0          0   ROM Totals

==============================================================================

    Total RO  Size (Code + RO Data)                27516 (  26.87kB)
    Total RW  Size (RW Data + ZI Data)           4199792 (4101.36kB)
    Total ROM Size (Code + RO Data + RW Data)      27648 (  27.00kB)

==============================================================================

